id	taxonomy
238417be42b85853bf347af91b94a844	k__Bacteria; p__Verrucomicrobia; c__Verrucomicrobiae; o__Verrucomicrobiales; f__Verrucomicrobiaceae; g__Akkermansia; s__muciniphila
60cd0ac314698dd12c78938964db9606	other
c352d70fb42511e60bb8844f0985d76b	k__Bacteria; p__Chloroflexi; c__Chloroflexi; o__Chloroflexales; f__Chloroflexaceae; g__Chloroflexus; s__
710f9206159c2bbb9d9932862c338ac3	k__Bacteria; p__Chlorobi; c__Chlorobia; o__Chlorobiales; f__Chlorobiaceae; g__Pelodictyon; s__phaeoclathratiforme
83200b3d61a95f0106a8efe9e923e383	k__Bacteria; p__Bacteroidetes; c__Bacteroidia; o__Bacteroidales; f__Bacteroidaceae; g__Bacteroides; s__
3befb3e069f2369ad507223dc795a663	k__Bacteria; p__Fusobacteria; c__Fusobacteriia; o__Fusobacteriales; f__Fusobacteriaceae; g__Fusobacterium; s__
93fd39c3299afa32c82e79f82f07e59e	other
812089bfd95c5451e06def2cdd31c1d6	k__Bacteria; p__Proteobacteria; c__Betaproteobacteria; o__Burkholderiales; f__Burkholderiaceae; g__Burkholderia; s__
4d52db9f3cd83c983b1fdbd9eb9445b5	other
1fb8ba60faab2e44c8636f0f5910eec9	k__Bacteria; p__Bacteroidetes; c__Bacteroidia; o__Bacteroidales; f__Bacteroidaceae; g__Bacteroides; s__
0e42350decb6db7ff28c15436f01afe0	other
f1011db6cf6e03dcc5f3fdc083cfd845	k__Bacteria; p__Spirochaetes; c__Spirochaetes; o__Spirochaetales; f__Spirochaetaceae; g__Treponema; s__
431569cf382e0e62c8d193ab05b7938e	other
40d0e544aca1f7000da9d2e1b8d0b728	other
58b1cfa725589a284fdf75901ae9bee3	k__Bacteria; p__Chlorobi; c__Chlorobia; o__Chlorobiales; f__Chlorobiaceae; g__Chlorobaculum; s__
3bea61c3c02bd6b4321c108629016ae9	other
0767f946608b3f8d40b1b593f3cb2a97	other
0534757f38449f6cf980b2eb1bcde6b6	k__Bacteria; p__Chlorobi; c__Chlorobia; o__Chlorobiales; f__Chlorobiaceae; g__Chlorobium; s__phaeobacteroides
d39fd2ae486b7cf75c61fd36de983610	k__Bacteria; p__Firmicutes; c__Clostridia; o__Thermoanaerobacterales; f__Caldicellulosiruptoraceae; g__Caldicellulosiruptor; s__
b5233e48b77042a2697f76013d63b3ed	k__Bacteria; p__Proteobacteria; c__Betaproteobacteria; o__Burkholderiales; f__Comamonadaceae; g__Leptothrix; s__
8f203baca6baf4be086f301a8b1433f2	other
d4f15d8c75005a7fa318eea2e477f18e	other
858869d428292c5365024e663d735ef4	k__Archaea; p__Crenarchaeota; c__Thermoprotei; o__Thermoproteales; f__Thermoproteaceae; g__Pyrobaculum; s__
fdc1678af5e8187e08ca4c231f174a06	other
e9acf1ed99dfc02086b17c31d3263a35	other
0e30dfa1a2a7a52861f19289aada7940	other
2e6d0ad7b575245f0b521fc54e8220c0	other
38384d796792d09002128af8013ec211	k__Archaea; p__Crenarchaeota; c__Thermoprotei; o__Thermoproteales; f__Thermoproteaceae; g__Pyrobaculum; s__
29437f8cdf42cbfcaf329d281b085353	k__Archaea; p__Euryarchaeota; c__Archaeoglobi; o__Archaeoglobales; f__Archaeoglobaceae; g__Archaeoglobus; s__fulgidus
938bbf5a8d1a8811fb4f2faff887bb23	k__Bacteria; p__Aquificae; c__Aquificae; o__Aquificales; f__Hydrogenothermaceae; g__Persephonella; s__marina
f4414c70c7079f52a52db4997d33faa8	k__Bacteria; p__Thermotogae; c__Thermotogae; o__Thermotogales; f__Thermotogaceae; g__Thermotoga; s__
e825d7cb170763985e5be12fbb66eeb2	k__Bacteria; p__Aquificae; c__Aquificae; o__Aquificales; f__Aquificaceae; g__Hydrogenobaculum; s__
76b2a5bf63330a41f5d64674a7e9f38e	k__Bacteria; p__Planctomycetes; c__Planctomycetia; o__Pirellulales; f__Pirellulaceae; g__Rhodopirellula; s__baltica
40d9e96132028e33db3380e56754e864	other
a37e354bb9b8967a6191e2a65ca59441	other
5b5cb6f23e21b5c32932dd36c6c9f461	other
3d8e0a42a89a407ed80f705a8600aa85	other
2b8d090d9b6530a9d4fa2392436fcdd9	k__Bacteria; p__Bacteroidetes; c__Bacteroidia; o__Bacteroidales; f__Bacteroidaceae; g__Bacteroides; s__
b213c63542d173ea4ee4620979598bd8	k__Bacteria; p__[Thermi]; c__Deinococci; o__Thermales; f__Thermaceae; g__Thermus; s__
9fe1a95916406d360c9e94b1e4cec226	other
a9d54490f30296ac0c4c80c0fe9efbf8	other
bf2f720ce7b8f06786e85e38e7fc2dbb	other
e26a82762a9e05b3e9738d621011bdf9	k__Bacteria; p__Proteobacteria; c__Alphaproteobacteria; o__Rhodobacterales; f__Rhodobacteraceae; g__Ruegeria; s__pomeroyi
8968cf8f1b99d58366ee3b5ac0d66c5d	k__Archaea; p__Euryarchaeota; c__Methanococci; o__Methanococcales; f__Methanococcaceae; g__Methanococcus; s__
b3669d2447b6fbe549d6169475cd50bf	other
382e91e2557a2b1398becbba79a9e40a	k__Bacteria; p__Proteobacteria; c__Alphaproteobacteria; o__Sphingomonadales; f__Sphingomonadaceae; g__Zymomonas; s__
d1323d6260f8bd1b91fecbcb7243c8b3	other
d767b91077a182e12d425de96bc9f400	k__Archaea; p__Nanoarchaeota; c__[Nanoarchaeoti]; o__[Nanoarchaeotales]; f__[Nanoarchaeotaceae]; g__Nanoarchaeum; s__equitans Kin4-M
cd350ec5de0315f2c6e770b53ca5a086	k__Bacteria; p__Firmicutes; c__Clostridia; o__Thermoanaerobacterales; f__Thermoanaerobacteraceae; g__Thermoanaerobacter; s__
c8b323be53b4437054b5989696240e73	other
8e8009be4a28b1b4de9a3a520f87a897	k__Bacteria; p__Firmicutes; c__Clostridia; o__Thermoanaerobacterales; f__Caldicellulosiruptoraceae; g__Caldicellulosiruptor; s__saccharolyticus
9588050e0c61dad9196b2ad6aeb8fcad	other
55caf08648248d6474dc75c2d53cea3e	k__Archaea; p__Euryarchaeota; c__Methanococci; o__Methanococcales; f__Methanococcaceae; g__Methanococcus; s__
5f5c4a189427d74f500f495c0ee45079	k__Bacteria; p__Acidobacteria; c__Acidobacteriia; o__Acidobacteriales; f__Acidobacteriaceae; g__Acidobacterium; s__
6cf7835ac77f1051cfee13956a9c2568	other
f3ed2d35deef46c78e4c688d034cfc72	other
aadbac24cfeef6bb5bf7e3f0620b758b	k__Bacteria; p__Thermotogae; c__Thermotogae; o__Thermotogales; f__Thermotogaceae; g__Thermotoga; s__
327c0c9e60dbf45cfe12ee9632c90a10	other
3333b0876ecec670fa2281305ce310e1	k__Bacteria; p__Dictyoglomi; c__Dictyoglomia; o__Dictyoglomales; f__Dictyoglomaceae; g__Dictyoglomus; s__turgidum
b990a4119681b986ebe28def295cc6b2	k__Archaea; p__Euryarchaeota; c__Thermococci; o__Thermococcales; f__Thermococcaceae; g__Pyrococcus; s__
c0cefdb70314726040ebe836f7190c8e	other
d821cc8854024b09ad7183d30d2e0b60	k__Archaea; p__Crenarchaeota; c__Thermoprotei; o__Sulfolobales; f__Sulfolobaceae; g__Sulfolobus; s__tokodaii
58d17e30409dacae29f6e7df0e74c16a	k__Bacteria; p__Proteobacteria; c__Gammaproteobacteria; o__Alteromonadales; f__Shewanellaceae; g__Shewanella; s__
a670085bad8e93f47a624fc49913e0c7	k__Bacteria; p__Chlorobi; c__Chlorobia; o__Chlorobiales; f__Chlorobiaceae; g__Chlorobium; s__phaeovibrioides
f34972cfe8d67441e5a8ebd6ca1334c1	k__Bacteria; p__Cyanobacteria; c__Nostocophycideae; o__Nostocales; f__Nostocaceae; g__Nostoc; s__
11dde65fd99e96c4b45dc14e445cfe27	other
7109305bef509e27e5598a09b5dc2343	other
139ab7dbf8bec4010a477fe09abc8033	other
32fa30ad35b6cfcc1eecdc2824ba45d6	k__Bacteria; p__Firmicutes; c__Bacilli; o__Lactobacillales; f__Enterococcaceae; g__Enterococcus; s__
9ebe22ad291364c6746ab84baf6848a7	k__Bacteria; p__Fusobacteria; c__Fusobacteriia; o__Fusobacteriales; f__Fusobacteriaceae; g__Fusobacterium; s__
60dcd82e3b3eb598f1a1df4a1d5ded9a	k__Archaea; p__Euryarchaeota; c__Methanococci; o__Methanococcales; f__Methanocaldococcaceae; g__Methanocaldococcus; s__
a75469000b685732e36dab747a2cb7be	k__Bacteria; p__Aquificae; c__Aquificae; o__Aquificales; f__Hydrogenothermaceae; g__Sulfurihydrogenibium; s__
a75469000b685732e36dab747a2cb7be	k__Bacteria; p__Aquificae; c__Aquificae; o__Aquificales; f__Hydrogenothermaceae; g__Sulfurihydrogenibium; s__yellowstonense
0b9e34ac9948cd012cf35dedab715c35	k__Bacteria; p__[Thermi]; c__Deinococci; o__Deinococcales; f__Deinococcaceae; g__Deinococcus; s__
abfa8e33d6ca88bdf4dad2131517b507	k__Bacteria; p__Proteobacteria; c__Betaproteobacteria; o__Nitrosomonadales; f__Nitrosomonadaceae; g__Nitrosomonas; s__europaea
541a78bbd9b2feca494957a3d99c90ed	k__Bacteria; p__Chloroflexi; c__Chloroflexi; o__Herpetosiphonales; f__; g__; s__
33a6416a4c92c7768147b97d7bf73f1e	k__Bacteria; p__Firmicutes; c__Clostridia; o__Thermoanaerobacterales; f__Thermoanaerobacteraceae; g__Thermoanaerobacter; s__
73d63c2a39a1bda29e0fb871777b1305	k__Bacteria; p__Firmicutes; c__Clostridia; o__Clostridiales; f__Ruminococcaceae; g__Clostridium; s__
bdacad880b5edae6c8a86e20ddccfbff	k__Bacteria; p__Proteobacteria; c__Gammaproteobacteria; o__Enterobacteriales; f__Enterobacteriaceae; g__Erwinia; s__chrysanthemi
d2cf9cf1ba83006b18aeea07cce6ab6e	k__Bacteria; p__Chlorobi; c__Chlorobia; o__Chlorobiales; f__Chlorobiaceae; g__Chlorobium; s__limicola
00ef0d71a92f79e7da8c19eed8914133	k__Archaea; p__Crenarchaeota; c__Thermoprotei; o__Desulfurococcales; f__Desulfurococcaceae; g__Ignicoccus; s__
03207fe732020d4668a9dce2b822c692	k__Bacteria; p__Gemmatimonadetes; c__Gemmatimonadetes; o__Gemmatimonadales; f__Gemmatimonadaceae; g__Gemmatimonas; s__
17df3c0f14ccd9567caf88e930457354	other
0bdbc6ccbf3773bdd041c7f685248aa5	k__Bacteria; p__Proteobacteria; c__Deltaproteobacteria; o__Desulfovibrionales; f__Desulfovibrionaceae; g__Desulfovibrio; s__
fd29a73e778c6182e01ef9547c93594c	k__Bacteria; p__Proteobacteria; c__Betaproteobacteria; o__Burkholderiales; f__Alcaligenaceae; g__Bordetella; s__
fe4a35fb1847b115c86dc1c234e1ef07	k__Bacteria; p__Bacteroidetes; c__Bacteroidia; o__Bacteroidales; f__Porphyromonadaceae; g__Porphyromonas; s__
10fe1e4c748fee16a9deae553cdb8961	other
e984e5d194908c248ca08e2884f60c0b	k__Bacteria; p__Bacteroidetes; c__Bacteroidia; o__Bacteroidales; f__Bacteroidaceae; g__Bacteroides; s__
36fc3ee38cf8f6337d1ce27b22df0c09	k__Bacteria; p__Spirochaetes; c__Spirochaetes; o__Spirochaetales; f__Spirochaetaceae; g__Treponema; s__
71377a659973f8108dec7aadcaed7c4e	k__Bacteria; p__Actinobacteria; c__Actinobacteria; o__Actinomycetales; f__Micromonosporaceae; g__Salinispora; s__arenicola
71377a659973f8108dec7aadcaed7c4e	k__Bacteria; p__Proteobacteria; c__Betaproteobacteria; o__Burkholderiales; f__Burkholderiaceae; g__Salinispora; s__tropica
0fc72dc59e18739acf7501e563e1fb29	k__Bacteria; p__Proteobacteria; c__Alphaproteobacteria; o__Rhodobacterales; f__Rhodobacteraceae; g__Sulfitobacter; s__
5c1e46913a173a43885e4739b1d46aae	other
d49e9535a3b2d04b36cf5554322c6823	k__Bacteria; p__Chloroflexi; c__Chloroflexi; o__Chloroflexales; f__Chloroflexaceae; g__Chloroflexus; s__
7f6ac91c8af71843ac5eed18d05c0056	other
